
环境变量检查:
⚠️  安全警告: API_TOKEN 长度不足16位，建议使用更长的随机字符串

数据库连接池创建失败 (尝试 1/5): Error: Access denied for user 'fengxiang'@'localhost' (using password: YES)
    at Packet.asError (A:\智能蜂箱\zhinengfengxiang源代码\node_modules\mysql2\lib\packets\packet.js:788:17)
    at ClientHandshake.execute (A:\智能蜂箱\zhinengfengxiang源代码\node_modules\mysql2\lib\commands\command.js:29:26)
    at PoolConnection.handlePacket (A:\智能蜂箱\zhinengfengxiang源代码\node_modules\mysql2\lib\base\connection.js:552:34)
    at PacketParser.onPacket (A:\智能蜂箱\zhinengfengxiang源代码\node_modules\mysql2\lib\base\connection.js:102:12)
    at PacketParser.executeStart (A:\智能蜂箱\zhinengfengxiang源代码\node_modules\mysql2\lib\packet_parser.js:75:16)
    at Socket.<anonymous> (A:\智能蜂箱\zhinengfengxiang源代码\node_modules\mysql2\lib\base\connection.js:109:25)
    at Socket.emit (node:events:524:28)
    at addChunk (node:internal/streams/readable:561:12)
    at readableAddChunkPushByteMode (node:internal/streams/readable:512:3)
    at Readable.push (node:internal/streams/readable:392:5) {
  code: 'ER_ACCESS_DENIED_ERROR',
  errno: 1045,
  sqlState: '28000',
  sqlMessage: "Access denied for user 'fengxiang'@'localhost' (using password: YES)",
  sql: undefined
}
数据库连接池创建失败 (尝试 2/5): Error: Access denied for user 'fengxiang'@'localhost' (using password: YES)
    at Packet.asError (A:\智能蜂箱\zhinengfengxiang源代码\node_modules\mysql2\lib\packets\packet.js:788:17)
    at ClientHandshake.execute (A:\智能蜂箱\zhinengfengxiang源代码\node_modules\mysql2\lib\commands\command.js:29:26)
    at PoolConnection.handlePacket (A:\智能蜂箱\zhinengfengxiang源代码\node_modules\mysql2\lib\base\connection.js:552:34)
    at PacketParser.onPacket (A:\智能蜂箱\zhinengfengxiang源代码\node_modules\mysql2\lib\base\connection.js:102:12)
    at PacketParser.executeStart (A:\智能蜂箱\zhinengfengxiang源代码\node_modules\mysql2\lib\packet_parser.js:75:16)
    at Socket.<anonymous> (A:\智能蜂箱\zhinengfengxiang源代码\node_modules\mysql2\lib\base\connection.js:109:25)
    at Socket.emit (node:events:524:28)
    at addChunk (node:internal/streams/readable:561:12)
    at readableAddChunkPushByteMode (node:internal/streams/readable:512:3)
    at Readable.push (node:internal/streams/readable:392:5) {
  code: 'ER_ACCESS_DENIED_ERROR',
  errno: 1045,
  sqlState: '28000',
  sqlMessage: "Access denied for user 'fengxiang'@'localhost' (using password: YES)",
  sql: undefined
}
数据库连接池创建失败 (尝试 3/5): Error: Access denied for user 'fengxiang'@'localhost' (using password: YES)
    at Packet.asError (A:\智能蜂箱\zhinengfengxiang源代码\node_modules\mysql2\lib\packets\packet.js:788:17)
    at ClientHandshake.execute (A:\智能蜂箱\zhinengfengxiang源代码\node_modules\mysql2\lib\commands\command.js:29:26)
    at PoolConnection.handlePacket (A:\智能蜂箱\zhinengfengxiang源代码\node_modules\mysql2\lib\base\connection.js:552:34)
    at PacketParser.onPacket (A:\智能蜂箱\zhinengfengxiang源代码\node_modules\mysql2\lib\base\connection.js:102:12)
    at PacketParser.executeStart (A:\智能蜂箱\zhinengfengxiang源代码\node_modules\mysql2\lib\packet_parser.js:75:16)
    at Socket.<anonymous> (A:\智能蜂箱\zhinengfengxiang源代码\node_modules\mysql2\lib\base\connection.js:109:25)
    at Socket.emit (node:events:524:28)
    at addChunk (node:internal/streams/readable:561:12)
    at readableAddChunkPushByteMode (node:internal/streams/readable:512:3)
    at Readable.push (node:internal/streams/readable:392:5) {
  code: 'ER_ACCESS_DENIED_ERROR',
  errno: 1045,
  sqlState: '28000',
  sqlMessage: "Access denied for user 'fengxiang'@'localhost' (using password: YES)",
  sql: undefined
}
