2026-05-02 22:19:36,554 INFO sensor MainThread SensorReader 已启动
2026-05-02 22:19:36,555 INFO sensor MainThread MqttTelemetryPublisher 已启动
2026-05-02 22:19:36,942 INFO sensor sensor-reader SensorReader: 内部DHT22初始化成功 GPIO4
2026-05-02 22:19:36,943 INFO sensor MainThread VisionResultReceiver 已启动
2026-05-02 22:19:36,966 INFO sensor MainThread === SensorProcess 已启动（含加湿器+OLED）===
2026-05-02 22:19:36,967 INFO sensor sensor-reader SensorReader: 外部DHT22初始化成功 GPIO17
2026-05-02 22:19:36,968 INFO sensor vision-result-rx VisionResultReceiver: 已连接 127.0.0.1:1883
2026-05-02 22:19:36,968 INFO sensor paho-mqtt-client-pi5-vision-client-vision-rx VisionResultReceiver: 已订阅 pi5/vision/result
2026-05-02 22:19:36,968 WARNING sensor sensor-reader SensorReader: hx711 library not installed, weight unavailable
2026-05-02 22:19:36,968 INFO sensor mqtt-telemetry MqttTelemetryPublisher: 已连接 127.0.0.1:1883
2026-05-02 22:19:36,970 INFO sensor sensor-reader SensorReader: GPS初始化成功 /dev/serial0@9600
2026-05-02 22:19:36,971 WARNING sensor humidifier HumidifierController: GPIO初始化失败: Cannot determine SOC peripheral base address
2026-05-02 22:19:36,978 INFO sensor sensor-reader SensorReader: IR初始化成功 outer=GPIO23 inner=GPIO24 active_low=True (使用gpiozero)
2026-05-02 22:19:37,176 INFO sensor oled-display OLEDDisplayService: OLED初始化成功 (128x64 @ 0x3C)
2026-05-02 22:19:37,177 INFO sensor oled-display OLEDDisplayService 已启动 (刷新间隔=1.0s)
2026-05-02 22:19:37,231 DEBUG sensor sensor-reader DHT22内: 21.6°C 68.8%
2026-05-02 22:19:37,487 DEBUG sensor sensor-reader DHT22外: 21.6°C 74.9%
2026-05-02 22:19:41,870 DEBUG sensor Thread-1 IR: 外侧触发 total_in=1
2026-05-02 22:19:42,272 DEBUG sensor sensor-reader DHT22内: 21.6°C 68.7%
2026-05-02 22:19:42,523 DEBUG sensor sensor-reader DHT22外: 21.6°C 74.8%
2026-05-02 22:19:43,384 DEBUG sensor Thread-1 IR: 外侧触发 total_in=2
2026-05-02 22:19:44,382 DEBUG sensor Thread-1 IR: 外侧触发 total_in=3
2026-05-02 22:19:45,652 DEBUG sensor Thread-1 IR: 外侧触发 total_in=4
2026-05-02 22:19:46,639 DEBUG sensor Thread-1 IR: 外侧触发 total_in=5
2026-05-02 22:19:47,284 DEBUG sensor sensor-reader DHT22内: 21.6°C 68.8%
2026-05-02 22:19:47,485 DEBUG sensor Thread-1 IR: 外侧触发 total_in=6
2026-05-02 22:19:47,542 DEBUG sensor sensor-reader DHT22外: 21.6°C 75.0%
2026-05-02 22:19:52,298 DEBUG sensor sensor-reader DHT22内: 21.6°C 68.9%
2026-05-02 22:19:52,561 DEBUG sensor sensor-reader DHT22外: 21.6°C 75.0%
2026-05-02 22:19:57,292 DEBUG sensor sensor-reader DHT22内: 21.6°C 68.9%
2026-05-02 22:19:57,546 DEBUG sensor sensor-reader DHT22外: 21.6°C 75.1%
2026-05-02 22:20:02,386 DEBUG sensor sensor-reader DHT22内: 21.6°C 69.0%
2026-05-02 22:20:02,638 DEBUG sensor sensor-reader DHT22外: 21.6°C 75.2%
2026-05-02 22:20:07,390 DEBUG sensor sensor-reader DHT22内: 21.6°C 68.9%
2026-05-02 22:20:07,650 DEBUG sensor sensor-reader DHT22外: 21.6°C 75.1%
2026-05-02 22:20:12,392 DEBUG sensor sensor-reader DHT22内: 21.6°C 68.8%
2026-05-02 22:20:12,651 DEBUG sensor sensor-reader DHT22外: 21.6°C 75.0%
2026-05-02 22:20:17,426 DEBUG sensor sensor-reader DHT22内: 21.6°C 68.8%
2026-05-02 22:20:17,680 DEBUG sensor sensor-reader DHT22外: 21.6°C 75.1%
2026-05-02 22:20:20,614 DEBUG sensor Thread-1 IR: 外侧触发 total_in=7
2026-05-02 22:20:22,260 DEBUG sensor Thread-1 IR: 外侧触发 total_in=8
2026-05-02 22:20:22,513 DEBUG sensor sensor-reader DHT22内: 21.6°C 68.8%
2026-05-02 22:20:22,765 DEBUG sensor sensor-reader DHT22外: 21.6°C 75.1%
2026-05-02 22:20:23,241 DEBUG sensor Thread-1 IR: 外侧触发 total_in=9
2026-05-02 22:20:24,236 DEBUG sensor Thread-1 IR: 外侧触发 total_in=10
2026-05-02 22:20:25,170 DEBUG sensor Thread-1 IR: 外侧触发 total_in=11
2026-05-02 22:20:26,212 DEBUG sensor Thread-1 IR: 外侧触发 total_in=12
2026-05-02 22:20:27,170 DEBUG sensor Thread-1 IR: 外侧触发 total_in=13
2026-05-02 22:20:27,487 DEBUG sensor sensor-reader DHT22内: 21.6°C 68.7%
2026-05-02 22:20:27,739 DEBUG sensor sensor-reader DHT22外: 21.6°C 74.9%
2026-05-02 22:20:28,105 DEBUG sensor Thread-1 IR: 外侧触发 total_in=14
2026-05-02 22:20:29,167 DEBUG sensor Thread-1 IR: 外侧触发 total_in=15
2026-05-02 22:20:30,179 DEBUG sensor Thread-1 IR: 外侧触发 total_in=16
2026-05-02 22:20:31,224 DEBUG sensor Thread-1 IR: 外侧触发 total_in=17
2026-05-02 22:20:32,531 DEBUG sensor sensor-reader DHT22内: 21.6°C 68.6%
2026-05-02 22:20:32,911 DEBUG sensor sensor-reader DHT22外: 21.6°C 74.8%
2026-05-02 22:20:37,536 DEBUG sensor sensor-reader DHT22内: 21.6°C 68.6%
2026-05-02 22:20:37,790 DEBUG sensor sensor-reader DHT22外: 21.6°C 74.9%
2026-05-02 22:20:42,575 DEBUG sensor sensor-reader DHT22内: 21.6°C 68.6%
2026-05-02 22:20:42,830 DEBUG sensor sensor-reader DHT22外: 21.6°C 74.9%
2026-05-02 22:20:47,665 DEBUG sensor sensor-reader DHT22内: 21.6°C 68.6%
2026-05-02 22:20:47,990 DEBUG sensor sensor-reader DHT22外: 21.6°C 74.8%
2026-05-02 22:20:52,628 DEBUG sensor sensor-reader DHT22内: 21.6°C 68.6%
2026-05-02 22:20:52,883 DEBUG sensor sensor-reader DHT22外: 21.6°C 74.8%
2026-05-02 22:20:57,677 DEBUG sensor sensor-reader DHT22内: 21.6°C 68.6%
2026-05-02 22:20:57,932 DEBUG sensor sensor-reader DHT22外: 21.6°C 74.8%
2026-05-02 22:21:02,685 DEBUG sensor sensor-reader DHT22内: 21.6°C 68.6%
2026-05-02 22:21:02,939 DEBUG sensor sensor-reader DHT22外: 21.6°C 74.8%
2026-05-02 22:21:07,776 DEBUG sensor sensor-reader DHT22内: 21.6°C 68.5%
2026-05-02 22:21:08,033 DEBUG sensor sensor-reader DHT22外: 21.6°C 74.7%
2026-05-02 22:21:12,744 DEBUG sensor sensor-reader DHT22内: 21.6°C 68.6%
2026-05-02 22:21:12,997 DEBUG sensor sensor-reader DHT22外: 21.6°C 74.8%
2026-05-02 22:21:17,769 DEBUG sensor sensor-reader DHT22内: 21.6°C 68.6%
2026-05-02 22:21:18,021 DEBUG sensor sensor-reader DHT22外: 21.6°C 74.8%
2026-05-02 22:21:22,742 DEBUG sensor sensor-reader DHT22内: 21.6°C 68.6%
2026-05-02 22:21:23,035 DEBUG sensor sensor-reader DHT22外: 21.6°C 74.9%
2026-05-02 22:21:27,798 DEBUG sensor sensor-reader DHT22内: 21.6°C 68.7%
2026-05-02 22:21:28,053 DEBUG sensor sensor-reader DHT22外: 21.6°C 74.8%
2026-05-02 22:21:32,831 DEBUG sensor sensor-reader DHT22内: 21.6°C 68.6%
2026-05-02 22:21:33,095 DEBUG sensor sensor-reader DHT22外: 21.6°C 74.8%
2026-05-02 22:21:37,838 DEBUG sensor sensor-reader DHT22内: 21.6°C 68.8%
2026-05-02 22:21:38,107 DEBUG sensor sensor-reader DHT22外: 21.6°C 74.9%
2026-05-02 22:21:42,842 DEBUG sensor sensor-reader DHT22内: 21.6°C 68.7%
2026-05-02 22:21:43,121 DEBUG sensor sensor-reader DHT22外: 21.6°C 74.9%
2026-05-02 22:21:47,895 DEBUG sensor sensor-reader DHT22内: 21.6°C 68.6%
2026-05-02 22:21:48,157 DEBUG sensor sensor-reader DHT22外: 21.6°C 74.8%
2026-05-02 22:21:52,934 DEBUG sensor sensor-reader DHT22内: 21.6°C 68.6%
2026-05-02 22:21:53,189 DEBUG sensor sensor-reader DHT22外: 21.6°C 74.7%
2026-05-02 22:21:57,945 DEBUG sensor sensor-reader DHT22内: 21.6°C 68.6%
2026-05-02 22:21:58,199 DEBUG sensor sensor-reader DHT22外: 21.6°C 74.8%
2026-05-02 22:22:02,990 DEBUG sensor sensor-reader DHT22内: 21.6°C 68.6%
2026-05-02 22:22:03,252 DEBUG sensor sensor-reader DHT22外: 21.6°C 74.8%
2026-05-02 22:22:08,080 DEBUG sensor sensor-reader DHT22内: 21.6°C 68.7%
2026-05-02 22:22:08,337 DEBUG sensor sensor-reader DHT22外: 21.6°C 74.9%
2026-05-02 22:22:12,997 DEBUG sensor sensor-reader DHT22内: 21.6°C 68.7%
2026-05-02 22:22:13,257 DEBUG sensor sensor-reader DHT22外: 21.6°C 74.8%
2026-05-02 22:22:18,046 DEBUG sensor sensor-reader DHT22内: 21.6°C 68.6%
2026-05-02 22:22:18,308 DEBUG sensor sensor-reader DHT22外: 21.6°C 74.8%
2026-05-02 22:22:23,095 DEBUG sensor sensor-reader DHT22内: 21.6°C 68.9%
2026-05-02 22:22:23,353 DEBUG sensor sensor-reader DHT22外: 21.6°C 75.0%
2026-05-02 22:22:28,092 DEBUG sensor sensor-reader DHT22内: 21.6°C 68.7%
2026-05-02 22:22:28,347 DEBUG sensor sensor-reader DHT22外: 21.6°C 74.9%
2026-05-02 22:22:33,104 DEBUG sensor sensor-reader DHT22内: 21.6°C 68.6%
2026-05-02 22:22:33,360 DEBUG sensor sensor-reader DHT22外: 21.6°C 74.8%
2026-05-02 22:22:38,193 DEBUG sensor sensor-reader DHT22内: 21.6°C 68.7%
2026-05-02 22:22:38,449 DEBUG sensor sensor-reader DHT22外: 21.6°C 74.9%
2026-05-02 22:22:43,173 DEBUG sensor sensor-reader DHT22内: 21.6°C 68.7%
2026-05-02 22:22:43,435 DEBUG sensor sensor-reader DHT22外: 21.6°C 74.8%
2026-05-02 22:22:48,211 DEBUG sensor sensor-reader DHT22内: 21.6°C 68.6%
2026-05-02 22:22:48,466 DEBUG sensor sensor-reader DHT22外: 21.6°C 74.7%
2026-05-02 22:22:53,244 DEBUG sensor sensor-reader DHT22内: 21.6°C 68.6%
2026-05-02 22:22:53,499 DEBUG sensor sensor-reader DHT22外: 21.6°C 74.8%
2026-05-02 22:22:58,299 DEBUG sensor sensor-reader DHT22内: 21.6°C 68.7%
2026-05-02 22:22:58,551 DEBUG sensor sensor-reader DHT22外: 21.6°C 74.9%
2026-05-02 22:23:03,283 DEBUG sensor sensor-reader DHT22内: 21.6°C 68.7%
2026-05-02 22:23:03,538 DEBUG sensor sensor-reader DHT22外: 21.6°C 74.8%
2026-05-02 22:23:08,353 DEBUG sensor sensor-reader DHT22内: 21.6°C 68.6%
2026-05-02 22:23:08,610 DEBUG sensor sensor-reader DHT22外: 21.6°C 74.8%
2026-05-02 22:23:13,294 DEBUG sensor sensor-reader DHT22内: 21.6°C 68.6%
2026-05-02 22:23:13,938 DEBUG sensor sensor-reader DHT22外: 21.6°C 74.8%
2026-05-02 22:23:18,294 DEBUG sensor sensor-reader DHT22内: 21.6°C 68.6%
2026-05-02 22:23:18,548 DEBUG sensor sensor-reader DHT22外: 21.6°C 74.8%
2026-05-02 22:23:23,311 DEBUG sensor sensor-reader DHT22内: 21.6°C 68.5%
2026-05-02 22:23:23,586 DEBUG sensor sensor-reader DHT22外: 21.6°C 74.7%
2026-05-02 22:23:28,307 DEBUG sensor sensor-reader DHT22内: 21.6°C 68.5%
2026-05-02 22:23:28,568 DEBUG sensor sensor-reader DHT22外: 21.6°C 74.7%
2026-05-02 22:23:33,451 DEBUG sensor sensor-reader DHT22内: 21.6°C 68.6%
2026-05-02 22:23:33,729 DEBUG sensor sensor-reader DHT22外: 21.6°C 74.8%
2026-05-02 22:23:38,388 DEBUG sensor sensor-reader DHT22内: 21.6°C 68.5%
2026-05-02 22:23:38,646 DEBUG sensor sensor-reader DHT22外: 21.6°C 74.7%
2026-05-02 22:23:43,427 DEBUG sensor sensor-reader DHT22内: 21.6°C 68.5%
2026-05-02 22:23:43,702 DEBUG sensor sensor-reader DHT22外: 21.6°C 74.7%
2026-05-02 22:23:48,503 DEBUG sensor sensor-reader DHT22内: 21.6°C 68.6%
2026-05-02 22:23:48,757 DEBUG sensor sensor-reader DHT22外: 21.6°C 74.8%
2026-05-02 22:23:53,530 DEBUG sensor sensor-reader DHT22内: 21.6°C 68.6%
2026-05-02 22:23:53,789 DEBUG sensor sensor-reader DHT22外: 21.6°C 74.8%
2026-05-02 22:23:58,471 DEBUG sensor sensor-reader DHT22内: 21.6°C 68.6%
2026-05-02 22:23:58,742 DEBUG sensor sensor-reader DHT22外: 21.6°C 74.8%
2026-05-02 22:24:03,523 DEBUG sensor sensor-reader DHT22内: 21.6°C 68.7%
2026-05-02 22:24:03,784 DEBUG sensor sensor-reader DHT22外: 21.6°C 74.9%
2026-05-02 22:24:08,540 DEBUG sensor sensor-reader DHT22内: 21.6°C 68.7%
2026-05-02 22:24:08,792 DEBUG sensor sensor-reader DHT22外: 21.6°C 74.9%
2026-05-02 22:24:13,629 DEBUG sensor sensor-reader DHT22内: 21.6°C 68.6%
2026-05-02 22:24:13,884 DEBUG sensor sensor-reader DHT22外: 21.6°C 74.8%
2026-05-02 22:24:18,652 DEBUG sensor sensor-reader DHT22内: 21.6°C 68.6%
2026-05-02 22:24:18,908 DEBUG sensor sensor-reader DHT22外: 21.6°C 74.8%
2026-05-02 22:24:23,684 DEBUG sensor sensor-reader DHT22内: 21.6°C 68.6%
2026-05-02 22:24:23,939 DEBUG sensor sensor-reader DHT22外: 21.6°C 74.7%
2026-05-02 22:24:28,728 DEBUG sensor sensor-reader DHT22内: 21.6°C 68.6%
2026-05-02 22:24:28,981 DEBUG sensor sensor-reader DHT22外: 21.6°C 74.7%
2026-05-02 22:24:33,797 DEBUG sensor sensor-reader DHT22内: 21.6°C 68.6%
2026-05-02 22:24:34,049 DEBUG sensor sensor-reader DHT22外: 21.6°C 74.8%
2026-05-02 22:24:38,931 DEBUG sensor sensor-reader DHT22内: 21.6°C 68.5%
2026-05-02 22:24:39,186 DEBUG sensor sensor-reader DHT22外: 21.6°C 74.6%
2026-05-02 22:24:43,838 DEBUG sensor sensor-reader DHT22内: 21.6°C 68.5%
2026-05-02 22:24:44,096 DEBUG sensor sensor-reader DHT22外: 21.6°C 74.7%
2026-05-02 22:24:48,841 DEBUG sensor sensor-reader DHT22内: 21.6°C 68.5%
2026-05-02 22:24:49,095 DEBUG sensor sensor-reader DHT22外: 21.6°C 74.7%
2026-05-02 22:24:53,849 DEBUG sensor sensor-reader DHT22内: 21.6°C 68.5%
2026-05-02 22:24:54,102 DEBUG sensor sensor-reader DHT22外: 21.6°C 74.7%
2026-05-02 22:24:58,882 DEBUG sensor sensor-reader DHT22内: 21.6°C 68.5%
2026-05-02 22:24:59,139 DEBUG sensor sensor-reader DHT22外: 21.6°C 74.7%
2026-05-02 22:25:03,879 DEBUG sensor sensor-reader DHT22内: 21.6°C 68.5%
2026-05-02 22:25:04,143 DEBUG sensor sensor-reader DHT22外: 21.6°C 74.7%
2026-05-02 22:25:08,891 DEBUG sensor sensor-reader DHT22内: 21.6°C 68.6%
2026-05-02 22:25:09,145 DEBUG sensor sensor-reader DHT22外: 21.6°C 74.8%
2026-05-02 22:25:13,961 DEBUG sensor sensor-reader DHT22内: 21.6°C 68.5%
2026-05-02 22:25:14,213 DEBUG sensor sensor-reader DHT22外: 21.6°C 74.8%
2026-05-02 22:25:18,982 DEBUG sensor sensor-reader DHT22内: 21.6°C 68.5%
2026-05-02 22:25:19,241 DEBUG sensor sensor-reader DHT22外: 21.6°C 74.7%
2026-05-02 22:25:23,992 DEBUG sensor sensor-reader DHT22内: 21.6°C 68.6%
2026-05-02 22:25:24,245 DEBUG sensor sensor-reader DHT22外: 21.6°C 74.8%
2026-05-02 22:25:29,037 DEBUG sensor sensor-reader DHT22内: 21.6°C 68.7%
2026-05-02 22:25:29,290 DEBUG sensor sensor-reader DHT22外: 21.6°C 74.9%
2026-05-02 22:25:34,093 DEBUG sensor sensor-reader DHT22内: 21.6°C 68.5%
2026-05-02 22:25:34,345 DEBUG sensor sensor-reader DHT22外: 21.6°C 74.7%
2026-05-02 22:25:39,119 DEBUG sensor sensor-reader DHT22内: 21.6°C 68.5%
2026-05-02 22:25:39,372 DEBUG sensor sensor-reader DHT22外: 21.6°C 74.7%
2026-05-02 22:25:44,138 DEBUG sensor sensor-reader DHT22内: 21.6°C 68.5%
2026-05-02 22:25:44,394 DEBUG sensor sensor-reader DHT22外: 21.6°C 74.8%
received SIGINT
received SIGINT


