/home/first/Desktop/yolov8/hornet_model2_ncnn_model/transfer_process.py:141: DeprecationWarning: Callback API version 1 is deprecated, update to latest version
  self._client = mqtt.Client(client_id=f"{self._cfg.client_id}-transfer")
2026-03-23 18:45:06,623 ERROR transfer MainThread MqttBridge: 连接失败: [Errno 111] Connection refused
2026-03-23 18:45:06,623 INFO transfer MainThread IotIngestUploader: → http://127.0.0.1:3001/api/iot/ingest
2026-03-23 18:45:06,624 INFO transfer MainThread === TransferProcess started ===
2026-03-23 18:45:08,625 WARNING transfer iot-ingest IotIngestUploader: 上传失败: <urlopen error [Errno 111] Connection refused>
2026-03-23 18:45:10,626 WARNING transfer iot-ingest IotIngestUploader: 上传失败: <urlopen error [Errno 111] Connection refused>
2026-03-23 18:45:12,628 WARNING transfer iot-ingest IotIngestUploader: 上传失败: <urlopen error [Errno 111] Connection refused>
2026-03-23 18:45:14,632 WARNING transfer iot-ingest IotIngestUploader: 上传失败: <urlopen error [Errno 111] Connection refused>
2026-03-23 18:45:16,634 WARNING transfer iot-ingest IotIngestUploader: 上传失败: <urlopen error [Errno 111] Connection refused>
2026-03-23 18:45:18,635 WARNING transfer iot-ingest IotIngestUploader: 上传失败: <urlopen error [Errno 111] Connection refused>
2026-03-23 18:45:20,636 WARNING transfer iot-ingest IotIngestUploader: 上传失败: <urlopen error [Errno 111] Connection refused>
2026-03-23 18:45:22,637 WARNING transfer iot-ingest IotIngestUploader: 上传失败: <urlopen error [Errno 111] Connection refused>
2026-03-23 18:45:24,640 WARNING transfer iot-ingest IotIngestUploader: 上传失败: <urlopen error [Errno 111] Connection refused>
2026-03-23 18:45:26,645 WARNING transfer iot-ingest IotIngestUploader: 上传失败: <urlopen error [Errno 111] Connection refused>
2026-03-23 18:45:28,648 WARNING transfer iot-ingest IotIngestUploader: 上传失败: <urlopen error [Errno 111] Connection refused>
2026-03-23 18:45:30,649 WARNING transfer iot-ingest IotIngestUploader: 上传失败: <urlopen error [Errno 111] Connection refused>
2026-03-23 18:45:32,656 WARNING transfer iot-ingest IotIngestUploader: 上传失败: <urlopen error [Errno 111] Connection refused>
2026-03-23 18:45:34,657 WARNING transfer iot-ingest IotIngestUploader: 上传失败: <urlopen error [Errno 111] Connection refused>
2026-03-23 18:45:36,658 WARNING transfer iot-ingest IotIngestUploader: 上传失败: <urlopen error [Errno 111] Connection refused>
2026-03-23 18:45:38,659 WARNING transfer iot-ingest IotIngestUploader: 上传失败: <urlopen error [Errno 111] Connection refused>
2026-03-23 18:45:40,661 WARNING transfer iot-ingest IotIngestUploader: 上传失败: <urlopen error [Errno 111] Connection refused>
2026-03-23 18:45:42,665 WARNING transfer iot-ingest IotIngestUploader: 上传失败: <urlopen error [Errno 111] Connection refused>
2026-03-23 18:45:44,669 WARNING transfer iot-ingest IotIngestUploader: 上传失败: <urlopen error [Errno 111] Connection refused>
2026-03-23 18:45:46,670 WARNING transfer iot-ingest IotIngestUploader: 上传失败: <urlopen error [Errno 111] Connection refused>
2026-03-23 18:45:48,673 WARNING transfer iot-ingest IotIngestUploader: 上传失败: <urlopen error [Errno 111] Connection refused>
2026-03-23 18:45:50,674 WARNING transfer iot-ingest IotIngestUploader: 上传失败: <urlopen error [Errno 111] Connection refused>
2026-03-23 18:45:52,677 WARNING transfer iot-ingest IotIngestUploader: 上传失败: <urlopen error [Errno 111] Connection refused>
2026-03-23 18:45:54,678 WARNING transfer iot-ingest IotIngestUploader: 上传失败: <urlopen error [Errno 111] Connection refused>
2026-03-23 18:45:56,685 WARNING transfer iot-ingest IotIngestUploader: 上传失败: <urlopen error [Errno 111] Connection refused>
2026-03-23 18:45:58,686 WARNING transfer iot-ingest IotIngestUploader: 上传失败: <urlopen error [Errno 111] Connection refused>
2026-03-23 18:46:00,687 WARNING transfer iot-ingest IotIngestUploader: 上传失败: <urlopen error [Errno 111] Connection refused>
2026-03-23 18:46:02,688 WARNING transfer iot-ingest IotIngestUploader: 上传失败: <urlopen error [Errno 111] Connection refused>
2026-03-23 18:46:04,689 WARNING transfer iot-ingest IotIngestUploader: 上传失败: <urlopen error [Errno 111] Connection refused>
2026-03-23 18:46:06,693 WARNING transfer iot-ingest IotIngestUploader: 上传失败: <urlopen error [Errno 111] Connection refused>
2026-03-23 18:46:08,694 WARNING transfer iot-ingest IotIngestUploader: 上传失败: <urlopen error [Errno 111] Connection refused>
2026-03-23 18:46:10,695 WARNING transfer iot-ingest IotIngestUploader: 上传失败: <urlopen error [Errno 111] Connection refused>
2026-03-23 18:46:12,700 WARNING transfer iot-ingest IotIngestUploader: 上传失败: <urlopen error [Errno 111] Connection refused>
2026-03-23 18:46:14,701 WARNING transfer iot-ingest IotIngestUploader: 上传失败: <urlopen error [Errno 111] Connection refused>
2026-03-23 18:46:16,702 WARNING transfer iot-ingest IotIngestUploader: 上传失败: <urlopen error [Errno 111] Connection refused>
2026-03-23 18:46:18,703 WARNING transfer iot-ingest IotIngestUploader: 上传失败: <urlopen error [Errno 111] Connection refused>
2026-03-23 18:46:20,709 WARNING transfer iot-ingest IotIngestUploader: 上传失败: <urlopen error [Errno 111] Connection refused>
2026-03-23 18:46:22,710 WARNING transfer iot-ingest IotIngestUploader: 上传失败: <urlopen error [Errno 111] Connection refused>
2026-03-23 18:46:24,711 WARNING transfer iot-ingest IotIngestUploader: 上传失败: <urlopen error [Errno 111] Connection refused>
2026-03-23 18:46:26,712 WARNING transfer iot-ingest IotIngestUploader: 上传失败: <urlopen error [Errno 111] Connection refused>
2026-03-23 18:46:28,713 WARNING transfer iot-ingest IotIngestUploader: 上传失败: <urlopen error [Errno 111] Connection refused>
2026-03-23 18:46:30,716 WARNING transfer iot-ingest IotIngestUploader: 上传失败: <urlopen error [Errno 111] Connection refused>
2026-03-23 18:46:32,717 WARNING transfer iot-ingest IotIngestUploader: 上传失败: <urlopen error [Errno 111] Connection refused>
2026-03-23 18:46:34,721 WARNING transfer iot-ingest IotIngestUploader: 上传失败: <urlopen error [Errno 111] Connection refused>
2026-03-23 18:46:36,722 WARNING transfer iot-ingest IotIngestUploader: 上传失败: <urlopen error [Errno 111] Connection refused>
2026-03-23 18:46:38,726 WARNING transfer iot-ingest IotIngestUploader: 上传失败: <urlopen error [Errno 111] Connection refused>
2026-03-23 18:46:40,727 WARNING transfer iot-ingest IotIngestUploader: 上传失败: <urlopen error [Errno 111] Connection refused>
2026-03-23 18:46:42,728 WARNING transfer iot-ingest IotIngestUploader: 上传失败: <urlopen error [Errno 111] Connection refused>
2026-03-23 18:46:44,729 WARNING transfer iot-ingest IotIngestUploader: 上传失败: <urlopen error [Errno 111] Connection refused>
2026-03-23 18:46:46,732 WARNING transfer iot-ingest IotIngestUploader: 上传失败: <urlopen error [Errno 111] Connection refused>
2026-03-23 18:46:48,733 WARNING transfer iot-ingest IotIngestUploader: 上传失败: <urlopen error [Errno 111] Connection refused>
2026-03-23 18:46:50,735 WARNING transfer iot-ingest IotIngestUploader: 上传失败: <urlopen error [Errno 111] Connection refused>
2026-03-23 18:46:52,741 WARNING transfer iot-ingest IotIngestUploader: 上传失败: <urlopen error [Errno 111] Connection refused>
2026-03-23 18:46:54,742 WARNING transfer iot-ingest IotIngestUploader: 上传失败: <urlopen error [Errno 111] Connection refused>
2026-03-23 18:46:56,743 WARNING transfer iot-ingest IotIngestUploader: 上传失败: <urlopen error [Errno 111] Connection refused>
2026-03-23 18:46:58,744 WARNING transfer iot-ingest IotIngestUploader: 上传失败: <urlopen error [Errno 111] Connection refused>
2026-03-23 18:47:00,745 WARNING transfer iot-ingest IotIngestUploader: 上传失败: <urlopen error [Errno 111] Connection refused>
2026-03-23 18:47:02,746 WARNING transfer iot-ingest IotIngestUploader: 上传失败: <urlopen error [Errno 111] Connection refused>
2026-03-23 18:47:04,747 WARNING transfer iot-ingest IotIngestUploader: 上传失败: <urlopen error [Errno 111] Connection refused>
2026-03-23 18:47:06,749 WARNING transfer iot-ingest IotIngestUploader: 上传失败: <urlopen error [Errno 111] Connection refused>
2026-03-23 18:47:08,753 WARNING transfer iot-ingest IotIngestUploader: 上传失败: <urlopen error [Errno 111] Connection refused>
2026-03-23 18:47:10,754 WARNING transfer iot-ingest IotIngestUploader: 上传失败: <urlopen error [Errno 111] Connection refused>
2026-03-23 18:47:12,755 WARNING transfer iot-ingest IotIngestUploader: 上传失败: <urlopen error [Errno 111] Connection refused>
2026-03-23 18:47:14,756 WARNING transfer iot-ingest IotIngestUploader: 上传失败: <urlopen error [Errno 111] Connection refused>
2026-03-23 18:47:16,759 WARNING transfer iot-ingest IotIngestUploader: 上传失败: <urlopen error [Errno 111] Connection refused>
2026-03-23 18:47:18,760 WARNING transfer iot-ingest IotIngestUploader: 上传失败: <urlopen error [Errno 111] Connection refused>
2026-03-23 18:47:20,761 WARNING transfer iot-ingest IotIngestUploader: 上传失败: <urlopen error [Errno 111] Connection refused>
2026-03-23 18:47:22,762 WARNING transfer iot-ingest IotIngestUploader: 上传失败: <urlopen error [Errno 111] Connection refused>
2026-03-23 18:47:24,763 WARNING transfer iot-ingest IotIngestUploader: 上传失败: <urlopen error [Errno 111] Connection refused>
2026-03-23 18:47:26,769 WARNING transfer iot-ingest IotIngestUploader: 上传失败: <urlopen error [Errno 111] Connection refused>
2026-03-23 18:47:28,770 WARNING transfer iot-ingest IotIngestUploader: 上传失败: <urlopen error [Errno 111] Connection refused>
2026-03-23 18:47:30,771 WARNING transfer iot-ingest IotIngestUploader: 上传失败: <urlopen error [Errno 111] Connection refused>
2026-03-23 18:47:32,772 WARNING transfer iot-ingest IotIngestUploader: 上传失败: <urlopen error [Errno 111] Connection refused>
2026-03-23 18:47:34,773 WARNING transfer iot-ingest IotIngestUploader: 上传失败: <urlopen error [Errno 111] Connection refused>
2026-03-23 18:47:36,775 WARNING transfer iot-ingest IotIngestUploader: 上传失败: <urlopen error [Errno 111] Connection refused>
2026-03-23 18:47:38,781 WARNING transfer iot-ingest IotIngestUploader: 上传失败: <urlopen error [Errno 111] Connection refused>
2026-03-23 18:47:40,784 WARNING transfer iot-ingest IotIngestUploader: 上传失败: <urlopen error [Errno 111] Connection refused>
2026-03-23 18:47:42,785 WARNING transfer iot-ingest IotIngestUploader: 上传失败: <urlopen error [Errno 111] Connection refused>
2026-03-23 18:47:44,788 WARNING transfer iot-ingest IotIngestUploader: 上传失败: <urlopen error [Errno 111] Connection refused>
2026-03-23 18:47:46,791 WARNING transfer iot-ingest IotIngestUploader: 上传失败: <urlopen error [Errno 111] Connection refused>
2026-03-23 18:47:48,792 WARNING transfer iot-ingest IotIngestUploader: 上传失败: <urlopen error [Errno 111] Connection refused>
2026-03-23 18:47:50,792 WARNING transfer iot-ingest IotIngestUploader: 上传失败: <urlopen error [Errno 111] Connection refused>
2026-03-23 18:47:52,795 WARNING transfer iot-ingest IotIngestUploader: 上传失败: <urlopen error [Errno 111] Connection refused>
2026-03-23 18:47:54,796 WARNING transfer iot-ingest IotIngestUploader: 上传失败: <urlopen error [Errno 111] Connection refused>
2026-03-23 18:47:56,801 WARNING transfer iot-ingest IotIngestUploader: 上传失败: <urlopen error [Errno 111] Connection refused>
2026-03-23 18:47:58,801 WARNING transfer iot-ingest IotIngestUploader: 上传失败: <urlopen error [Errno 111] Connection refused>
2026-03-23 18:48:00,802 WARNING transfer iot-ingest IotIngestUploader: 上传失败: <urlopen error [Errno 111] Connection refused>
2026-03-23 18:48:02,803 WARNING transfer iot-ingest IotIngestUploader: 上传失败: <urlopen error [Errno 111] Connection refused>
2026-03-23 18:48:04,804 WARNING transfer iot-ingest IotIngestUploader: 上传失败: <urlopen error [Errno 111] Connection refused>
2026-03-23 18:48:06,806 WARNING transfer iot-ingest IotIngestUploader: 上传失败: <urlopen error [Errno 111] Connection refused>
2026-03-23 18:48:08,809 WARNING transfer iot-ingest IotIngestUploader: 上传失败: <urlopen error [Errno 111] Connection refused>
2026-03-23 18:48:10,811 WARNING transfer iot-ingest IotIngestUploader: 上传失败: <urlopen error [Errno 111] Connection refused>
2026-03-23 18:48:12,815 WARNING transfer iot-ingest IotIngestUploader: 上传失败: <urlopen error [Errno 111] Connection refused>
2026-03-23 18:48:14,816 WARNING transfer iot-ingest IotIngestUploader: 上传失败: <urlopen error [Errno 111] Connection refused>
2026-03-23 18:48:16,824 WARNING transfer iot-ingest IotIngestUploader: 上传失败: <urlopen error [Errno 111] Connection refused>
2026-03-23 18:48:18,828 WARNING transfer iot-ingest IotIngestUploader: 上传失败: <urlopen error [Errno 111] Connection refused>
2026-03-23 18:48:20,829 WARNING transfer iot-ingest IotIngestUploader: 上传失败: <urlopen error [Errno 111] Connection refused>
2026-03-23 18:48:22,831 WARNING transfer iot-ingest IotIngestUploader: 上传失败: <urlopen error [Errno 111] Connection refused>
2026-03-23 18:48:24,832 WARNING transfer iot-ingest IotIngestUploader: 上传失败: <urlopen error [Errno 111] Connection refused>
2026-03-23 18:48:26,836 WARNING transfer iot-ingest IotIngestUploader: 上传失败: <urlopen error [Errno 111] Connection refused>
2026-03-23 18:48:28,841 WARNING transfer iot-ingest IotIngestUploader: 上传失败: <urlopen error [Errno 111] Connection refused>
2026-03-23 18:48:30,844 WARNING transfer iot-ingest IotIngestUploader: 上传失败: <urlopen error [Errno 111] Connection refused>
2026-03-23 18:48:32,845 WARNING transfer iot-ingest IotIngestUploader: 上传失败: <urlopen error [Errno 111] Connection refused>
2026-03-23 18:48:34,846 WARNING transfer iot-ingest IotIngestUploader: 上传失败: <urlopen error [Errno 111] Connection refused>
2026-03-23 18:48:36,847 WARNING transfer iot-ingest IotIngestUploader: 上传失败: <urlopen error [Errno 111] Connection refused>
2026-03-23 18:48:38,848 WARNING transfer iot-ingest IotIngestUploader: 上传失败: <urlopen error [Errno 111] Connection refused>
2026-03-23 18:48:40,852 WARNING transfer iot-ingest IotIngestUploader: 上传失败: <urlopen error [Errno 111] Connection refused>
2026-03-23 18:48:42,853 WARNING transfer iot-ingest IotIngestUploader: 上传失败: <urlopen error [Errno 111] Connection refused>
2026-03-23 18:48:44,856 WARNING transfer iot-ingest IotIngestUploader: 上传失败: <urlopen error [Errno 111] Connection refused>
2026-03-23 18:48:46,859 WARNING transfer iot-ingest IotIngestUploader: 上传失败: <urlopen error [Errno 111] Connection refused>
2026-03-23 18:48:48,860 WARNING transfer iot-ingest IotIngestUploader: 上传失败: <urlopen error [Errno 111] Connection refused>
2026-03-23 18:48:50,865 WARNING transfer iot-ingest IotIngestUploader: 上传失败: <urlopen error [Errno 111] Connection refused>
2026-03-23 18:48:52,866 WARNING transfer iot-ingest IotIngestUploader: 上传失败: <urlopen error [Errno 111] Connection refused>
2026-03-23 18:48:54,868 WARNING transfer iot-ingest IotIngestUploader: 上传失败: <urlopen error [Errno 111] Connection refused>
2026-03-23 18:48:56,872 WARNING transfer iot-ingest IotIngestUploader: 上传失败: <urlopen error [Errno 111] Connection refused>
2026-03-23 18:48:58,873 WARNING transfer iot-ingest IotIngestUploader: 上传失败: <urlopen error [Errno 111] Connection refused>
2026-03-23 18:49:00,874 WARNING transfer iot-ingest IotIngestUploader: 上传失败: <urlopen error [Errno 111] Connection refused>
2026-03-23 18:49:02,875 WARNING transfer iot-ingest IotIngestUploader: 上传失败: <urlopen error [Errno 111] Connection refused>
2026-03-23 18:49:04,876 WARNING transfer iot-ingest IotIngestUploader: 上传失败: <urlopen error [Errno 111] Connection refused>
2026-03-23 18:49:06,881 WARNING transfer iot-ingest IotIngestUploader: 上传失败: <urlopen error [Errno 111] Connection refused>
2026-03-23 18:49:08,884 WARNING transfer iot-ingest IotIngestUploader: 上传失败: <urlopen error [Errno 111] Connection refused>
2026-03-23 18:49:10,892 WARNING transfer iot-ingest IotIngestUploader: 上传失败: <urlopen error [Errno 111] Connection refused>
2026-03-23 18:49:12,893 WARNING transfer iot-ingest IotIngestUploader: 上传失败: <urlopen error [Errno 111] Connection refused>
2026-03-23 18:49:14,894 WARNING transfer iot-ingest IotIngestUploader: 上传失败: <urlopen error [Errno 111] Connection refused>
2026-03-23 18:49:16,897 WARNING transfer iot-ingest IotIngestUploader: 上传失败: <urlopen error [Errno 111] Connection refused>
2026-03-23 18:49:18,898 WARNING transfer iot-ingest IotIngestUploader: 上传失败: <urlopen error [Errno 111] Connection refused>
2026-03-23 18:49:20,901 WARNING transfer iot-ingest IotIngestUploader: 上传失败: <urlopen error [Errno 111] Connection refused>
2026-03-23 18:49:22,905 WARNING transfer iot-ingest IotIngestUploader: 上传失败: <urlopen error [Errno 111] Connection refused>
2026-03-23 18:49:24,906 WARNING transfer iot-ingest IotIngestUploader: 上传失败: <urlopen error [Errno 111] Connection refused>
2026-03-23 18:49:26,907 WARNING transfer iot-ingest IotIngestUploader: 上传失败: <urlopen error [Errno 111] Connection refused>
2026-03-23 18:49:28,917 WARNING transfer iot-ingest IotIngestUploader: 上传失败: <urlopen error [Errno 111] Connection refused>
2026-03-23 18:49:30,921 WARNING transfer iot-ingest IotIngestUploader: 上传失败: <urlopen error [Errno 111] Connection refused>
2026-03-23 18:49:32,922 WARNING transfer iot-ingest IotIngestUploader: 上传失败: <urlopen error [Errno 111] Connection refused>
2026-03-23 18:49:34,925 WARNING transfer iot-ingest IotIngestUploader: 上传失败: <urlopen error [Errno 111] Connection refused>
2026-03-23 18:49:36,926 WARNING transfer iot-ingest IotIngestUploader: 上传失败: <urlopen error [Errno 111] Connection refused>
2026-03-23 18:49:38,927 WARNING transfer iot-ingest IotIngestUploader: 上传失败: <urlopen error [Errno 111] Connection refused>
2026-03-23 18:49:40,932 WARNING transfer iot-ingest IotIngestUploader: 上传失败: <urlopen error [Errno 111] Connection refused>
2026-03-23 18:49:42,937 WARNING transfer iot-ingest IotIngestUploader: 上传失败: <urlopen error [Errno 111] Connection refused>
2026-03-23 18:49:44,938 WARNING transfer iot-ingest IotIngestUploader: 上传失败: <urlopen error [Errno 111] Connection refused>
2026-03-23 18:49:46,939 WARNING transfer iot-ingest IotIngestUploader: 上传失败: <urlopen error [Errno 111] Connection refused>
2026-03-23 18:49:48,940 WARNING transfer iot-ingest IotIngestUploader: 上传失败: <urlopen error [Errno 111] Connection refused>
2026-03-23 18:49:50,944 WARNING transfer iot-ingest IotIngestUploader: 上传失败: <urlopen error [Errno 111] Connection refused>
2026-03-23 18:49:52,945 WARNING transfer iot-ingest IotIngestUploader: 上传失败: <urlopen error [Errno 111] Connection refused>
2026-03-23 18:49:54,946 WARNING transfer iot-ingest IotIngestUploader: 上传失败: <urlopen error [Errno 111] Connection refused>
2026-03-23 18:49:56,947 WARNING transfer iot-ingest IotIngestUploader: 上传失败: <urlopen error [Errno 111] Connection refused>
2026-03-23 18:49:58,948 WARNING transfer iot-ingest IotIngestUploader: 上传失败: <urlopen error [Errno 111] Connection refused>
2026-03-23 18:50:00,949 WARNING transfer iot-ingest IotIngestUploader: 上传失败: <urlopen error [Errno 111] Connection refused>
2026-03-23 18:50:02,952 WARNING transfer iot-ingest IotIngestUploader: 上传失败: <urlopen error [Errno 111] Connection refused>
2026-03-23 18:50:04,953 WARNING transfer iot-ingest IotIngestUploader: 上传失败: <urlopen error [Errno 111] Connection refused>
2026-03-23 18:50:06,954 WARNING transfer iot-ingest IotIngestUploader: 上传失败: <urlopen error [Errno 111] Connection refused>
2026-03-23 18:50:08,955 WARNING transfer iot-ingest IotIngestUploader: 上传失败: <urlopen error [Errno 111] Connection refused>
2026-03-23 18:50:10,956 WARNING transfer iot-ingest IotIngestUploader: 上传失败: <urlopen error [Errno 111] Connection refused>
2026-03-23 18:50:12,960 WARNING transfer iot-ingest IotIngestUploader: 上传失败: <urlopen error [Errno 111] Connection refused>
2026-03-23 18:50:14,965 WARNING transfer iot-ingest IotIngestUploader: 上传失败: <urlopen error [Errno 111] Connection refused>
2026-03-23 18:50:16,966 WARNING transfer iot-ingest IotIngestUploader: 上传失败: <urlopen error [Errno 111] Connection refused>
2026-03-23 18:50:18,967 WARNING transfer iot-ingest IotIngestUploader: 上传失败: <urlopen error [Errno 111] Connection refused>
2026-03-23 18:50:20,973 WARNING transfer iot-ingest IotIngestUploader: 上传失败: <urlopen error [Errno 111] Connection refused>
2026-03-23 18:50:22,975 WARNING transfer iot-ingest IotIngestUploader: 上传失败: <urlopen error [Errno 111] Connection refused>
2026-03-23 18:50:24,976 WARNING transfer iot-ingest IotIngestUploader: 上传失败: <urlopen error [Errno 111] Connection refused>
2026-03-23 18:50:26,979 WARNING transfer iot-ingest IotIngestUploader: 上传失败: <urlopen error [Errno 111] Connection refused>
2026-03-23 18:50:28,980 WARNING transfer iot-ingest IotIngestUploader: 上传失败: <urlopen error [Errno 111] Connection refused>
2026-03-23 18:50:30,984 WARNING transfer iot-ingest IotIngestUploader: 上传失败: <urlopen error [Errno 111] Connection refused>
2026-03-23 18:50:32,985 WARNING transfer iot-ingest IotIngestUploader: 上传失败: <urlopen error [Errno 111] Connection refused>
2026-03-23 18:50:34,986 WARNING transfer iot-ingest IotIngestUploader: 上传失败: <urlopen error [Errno 111] Connection refused>
2026-03-23 18:50:36,987 WARNING transfer iot-ingest IotIngestUploader: 上传失败: <urlopen error [Errno 111] Connection refused>
2026-03-23 18:50:38,988 WARNING transfer iot-ingest IotIngestUploader: 上传失败: <urlopen error [Errno 111] Connection refused>
2026-03-23 18:50:40,993 WARNING transfer iot-ingest IotIngestUploader: 上传失败: <urlopen error [Errno 111] Connection refused>
2026-03-23 18:50:42,994 WARNING transfer iot-ingest IotIngestUploader: 上传失败: <urlopen error [Errno 111] Connection refused>
2026-03-23 18:50:44,996 WARNING transfer iot-ingest IotIngestUploader: 上传失败: <urlopen error [Errno 111] Connection refused>
2026-03-23 18:50:46,997 WARNING transfer iot-ingest IotIngestUploader: 上传失败: <urlopen error [Errno 111] Connection refused>
2026-03-23 18:50:49,000 WARNING transfer iot-ingest IotIngestUploader: 上传失败: <urlopen error [Errno 111] Connection refused>
2026-03-23 18:50:51,001 WARNING transfer iot-ingest IotIngestUploader: 上传失败: <urlopen error [Errno 111] Connection refused>
2026-03-23 18:50:53,002 WARNING transfer iot-ingest IotIngestUploader: 上传失败: <urlopen error [Errno 111] Connection refused>
2026-03-23 18:50:55,005 WARNING transfer iot-ingest IotIngestUploader: 上传失败: <urlopen error [Errno 111] Connection refused>
2026-03-23 18:50:57,005 WARNING transfer iot-ingest IotIngestUploader: 上传失败: <urlopen error [Errno 111] Connection refused>
2026-03-23 18:50:59,008 WARNING transfer iot-ingest IotIngestUploader: 上传失败: <urlopen error [Errno 111] Connection refused>
2026-03-23 18:51:01,009 WARNING transfer iot-ingest IotIngestUploader: 上传失败: <urlopen error [Errno 111] Connection refused>
2026-03-23 18:51:03,010 WARNING transfer iot-ingest IotIngestUploader: 上传失败: <urlopen error [Errno 111] Connection refused>
2026-03-23 18:51:05,011 WARNING transfer iot-ingest IotIngestUploader: 上传失败: <urlopen error [Errno 111] Connection refused>
2026-03-23 18:51:07,012 WARNING transfer iot-ingest IotIngestUploader: 上传失败: <urlopen error [Errno 111] Connection refused>
2026-03-23 18:51:09,016 WARNING transfer iot-ingest IotIngestUploader: 上传失败: <urlopen error [Errno 111] Connection refused>
2026-03-23 18:51:11,017 WARNING transfer iot-ingest IotIngestUploader: 上传失败: <urlopen error [Errno 111] Connection refused>
2026-03-23 18:51:13,018 WARNING transfer iot-ingest IotIngestUploader: 上传失败: <urlopen error [Errno 111] Connection refused>
2026-03-23 18:51:15,019 WARNING transfer iot-ingest IotIngestUploader: 上传失败: <urlopen error [Errno 111] Connection refused>
2026-03-23 18:51:17,022 WARNING transfer iot-ingest IotIngestUploader: 上传失败: <urlopen error [Errno 111] Connection refused>
2026-03-23 18:51:19,023 WARNING transfer iot-ingest IotIngestUploader: 上传失败: <urlopen error [Errno 111] Connection refused>
2026-03-23 18:51:21,028 WARNING transfer iot-ingest IotIngestUploader: 上传失败: <urlopen error [Errno 111] Connection refused>
2026-03-23 18:51:23,032 WARNING transfer iot-ingest IotIngestUploader: 上传失败: <urlopen error [Errno 111] Connection refused>
2026-03-23 18:51:25,033 WARNING transfer iot-ingest IotIngestUploader: 上传失败: <urlopen error [Errno 111] Connection refused>
2026-03-23 18:51:27,034 WARNING transfer iot-ingest IotIngestUploader: 上传失败: <urlopen error [Errno 111] Connection refused>
2026-03-23 18:51:29,041 WARNING transfer iot-ingest IotIngestUploader: 上传失败: <urlopen error [Errno 111] Connection refused>
2026-03-23 18:51:31,043 WARNING transfer iot-ingest IotIngestUploader: 上传失败: <urlopen error [Errno 111] Connection refused>
2026-03-23 18:51:33,048 WARNING transfer iot-ingest IotIngestUploader: 上传失败: <urlopen error [Errno 111] Connection refused>
2026-03-23 18:51:35,053 WARNING transfer iot-ingest IotIngestUploader: 上传失败: <urlopen error [Errno 111] Connection refused>
2026-03-23 18:51:37,054 WARNING transfer iot-ingest IotIngestUploader: 上传失败: <urlopen error [Errno 111] Connection refused>
2026-03-23 18:51:39,055 WARNING transfer iot-ingest IotIngestUploader: 上传失败: <urlopen error [Errno 111] Connection refused>
2026-03-23 18:51:41,060 WARNING transfer iot-ingest IotIngestUploader: 上传失败: <urlopen error [Errno 111] Connection refused>
2026-03-23 18:51:43,065 WARNING transfer iot-ingest IotIngestUploader: 上传失败: <urlopen error [Errno 111] Connection refused>
2026-03-23 18:51:45,067 WARNING transfer iot-ingest IotIngestUploader: 上传失败: <urlopen error [Errno 111] Connection refused>
2026-03-23 18:51:47,068 WARNING transfer iot-ingest IotIngestUploader: 上传失败: <urlopen error [Errno 111] Connection refused>
2026-03-23 18:51:49,073 WARNING transfer iot-ingest IotIngestUploader: 上传失败: <urlopen error [Errno 111] Connection refused>
2026-03-23 18:51:51,077 WARNING transfer iot-ingest IotIngestUploader: 上传失败: <urlopen error [Errno 111] Connection refused>
2026-03-23 18:51:53,080 WARNING transfer iot-ingest IotIngestUploader: 上传失败: <urlopen error [Errno 111] Connection refused>
2026-03-23 18:51:55,081 WARNING transfer iot-ingest IotIngestUploader: 上传失败: <urlopen error [Errno 111] Connection refused>
2026-03-23 18:51:57,082 WARNING transfer iot-ingest IotIngestUploader: 上传失败: <urlopen error [Errno 111] Connection refused>
2026-03-23 18:51:59,083 WARNING transfer iot-ingest IotIngestUploader: 上传失败: <urlopen error [Errno 111] Connection refused>
2026-03-23 18:52:01,088 WARNING transfer iot-ingest IotIngestUploader: 上传失败: <urlopen error [Errno 111] Connection refused>
2026-03-23 18:52:03,089 WARNING transfer iot-ingest IotIngestUploader: 上传失败: <urlopen error [Errno 111] Connection refused>
2026-03-23 18:52:05,090 WARNING transfer iot-ingest IotIngestUploader: 上传失败: <urlopen error [Errno 111] Connection refused>
2026-03-23 18:52:07,091 WARNING transfer iot-ingest IotIngestUploader: 上传失败: <urlopen error [Errno 111] Connection refused>
2026-03-23 18:52:09,092 WARNING transfer iot-ingest IotIngestUploader: 上传失败: <urlopen error [Errno 111] Connection refused>
2026-03-23 18:52:11,096 WARNING transfer iot-ingest IotIngestUploader: 上传失败: <urlopen error [Errno 111] Connection refused>
2026-03-23 18:52:13,097 WARNING transfer iot-ingest IotIngestUploader: 上传失败: <urlopen error [Errno 111] Connection refused>
2026-03-23 18:52:15,098 WARNING transfer iot-ingest IotIngestUploader: 上传失败: <urlopen error [Errno 111] Connection refused>
2026-03-23 18:52:17,100 WARNING transfer iot-ingest IotIngestUploader: 上传失败: <urlopen error [Errno 111] Connection refused>
2026-03-23 18:52:19,101 WARNING transfer iot-ingest IotIngestUploader: 上传失败: <urlopen error [Errno 111] Connection refused>
2026-03-23 18:52:21,104 WARNING transfer iot-ingest IotIngestUploader: 上传失败: <urlopen error [Errno 111] Connection refused>
2026-03-23 18:52:23,105 WARNING transfer iot-ingest IotIngestUploader: 上传失败: <urlopen error [Errno 111] Connection refused>
2026-03-23 18:52:25,109 WARNING transfer iot-ingest IotIngestUploader: 上传失败: <urlopen error [Errno 111] Connection refused>
2026-03-23 18:52:27,110 WARNING transfer iot-ingest IotIngestUploader: 上传失败: <urlopen error [Errno 111] Connection refused>
2026-03-23 18:52:29,111 WARNING transfer iot-ingest IotIngestUploader: 上传失败: <urlopen error [Errno 111] Connection refused>
2026-03-23 18:52:31,112 WARNING transfer iot-ingest IotIngestUploader: 上传失败: <urlopen error [Errno 111] Connection refused>
2026-03-23 18:52:33,116 WARNING transfer iot-ingest IotIngestUploader: 上传失败: <urlopen error [Errno 111] Connection refused>
2026-03-23 18:52:35,118 WARNING transfer iot-ingest IotIngestUploader: 上传失败: <urlopen error [Errno 111] Connection refused>
2026-03-23 18:52:37,119 WARNING transfer iot-ingest IotIngestUploader: 上传失败: <urlopen error [Errno 111] Connection refused>
2026-03-23 18:52:39,120 WARNING transfer iot-ingest IotIngestUploader: 上传失败: <urlopen error [Errno 111] Connection refused>
2026-03-23 18:52:41,125 WARNING transfer iot-ingest IotIngestUploader: 上传失败: <urlopen error [Errno 111] Connection refused>
2026-03-23 18:52:43,129 WARNING transfer iot-ingest IotIngestUploader: 上传失败: <urlopen error [Errno 111] Connection refused>
2026-03-23 18:52:45,131 WARNING transfer iot-ingest IotIngestUploader: 上传失败: <urlopen error [Errno 111] Connection refused>
2026-03-23 18:52:47,131 WARNING transfer iot-ingest IotIngestUploader: 上传失败: <urlopen error [Errno 111] Connection refused>
2026-03-23 18:52:49,132 WARNING transfer iot-ingest IotIngestUploader: 上传失败: <urlopen error [Errno 111] Connection refused>
2026-03-23 18:52:51,136 WARNING transfer iot-ingest IotIngestUploader: 上传失败: <urlopen error [Errno 111] Connection refused>
2026-03-23 18:52:53,139 WARNING transfer iot-ingest IotIngestUploader: 上传失败: <urlopen error [Errno 111] Connection refused>
2026-03-23 18:52:55,144 WARNING transfer iot-ingest IotIngestUploader: 上传失败: <urlopen error [Errno 111] Connection refused>
2026-03-23 18:52:57,145 WARNING transfer iot-ingest IotIngestUploader: 上传失败: <urlopen error [Errno 111] Connection refused>
2026-03-23 18:52:59,146 WARNING transfer iot-ingest IotIngestUploader: 上传失败: <urlopen error [Errno 111] Connection refused>
2026-03-23 18:53:01,147 WARNING transfer iot-ingest IotIngestUploader: 上传失败: <urlopen error [Errno 111] Connection refused>
2026-03-23 18:53:03,150 WARNING transfer iot-ingest IotIngestUploader: 上传失败: <urlopen error [Errno 111] Connection refused>
2026-03-23 18:53:05,153 WARNING transfer iot-ingest IotIngestUploader: 上传失败: <urlopen error [Errno 111] Connection refused>
2026-03-23 18:53:07,154 WARNING transfer iot-ingest IotIngestUploader: 上传失败: <urlopen error [Errno 111] Connection refused>
2026-03-23 18:53:09,155 WARNING transfer iot-ingest IotIngestUploader: 上传失败: <urlopen error [Errno 111] Connection refused>
2026-03-23 18:53:11,156 WARNING transfer iot-ingest IotIngestUploader: 上传失败: <urlopen error [Errno 111] Connection refused>
2026-03-23 18:53:13,160 WARNING transfer iot-ingest IotIngestUploader: 上传失败: <urlopen error [Errno 111] Connection refused>
2026-03-23 18:53:15,164 WARNING transfer iot-ingest IotIngestUploader: 上传失败: <urlopen error [Errno 111] Connection refused>
2026-03-23 18:53:17,165 WARNING transfer iot-ingest IotIngestUploader: 上传失败: <urlopen error [Errno 111] Connection refused>
2026-03-23 18:53:19,166 WARNING transfer iot-ingest IotIngestUploader: 上传失败: <urlopen error [Errno 111] Connection refused>
2026-03-23 18:53:21,168 WARNING transfer iot-ingest IotIngestUploader: 上传失败: <urlopen error [Errno 111] Connection refused>
2026-03-23 18:53:23,170 WARNING transfer iot-ingest IotIngestUploader: 上传失败: <urlopen error [Errno 111] Connection refused>
2026-03-23 18:53:25,171 WARNING transfer iot-ingest IotIngestUploader: 上传失败: <urlopen error [Errno 111] Connection refused>
2026-03-23 18:53:27,172 WARNING transfer iot-ingest IotIngestUploader: 上传失败: <urlopen error [Errno 111] Connection refused>
2026-03-23 18:53:29,173 WARNING transfer iot-ingest IotIngestUploader: 上传失败: <urlopen error [Errno 111] Connection refused>
2026-03-23 18:53:31,175 WARNING transfer iot-ingest IotIngestUploader: 上传失败: <urlopen error [Errno 111] Connection refused>
2026-03-23 18:53:33,177 WARNING transfer iot-ingest IotIngestUploader: 上传失败: <urlopen error [Errno 111] Connection refused>
2026-03-23 18:53:35,179 WARNING transfer iot-ingest IotIngestUploader: 上传失败: <urlopen error [Errno 111] Connection refused>
2026-03-23 18:53:37,181 WARNING transfer iot-ingest IotIngestUploader: 上传失败: <urlopen error [Errno 111] Connection refused>
2026-03-23 18:53:39,182 WARNING transfer iot-ingest IotIngestUploader: 上传失败: <urlopen error [Errno 111] Connection refused>
2026-03-23 18:53:41,183 WARNING transfer iot-ingest IotIngestUploader: 上传失败: <urlopen error [Errno 111] Connection refused>
2026-03-23 18:53:43,184 WARNING transfer iot-ingest IotIngestUploader: 上传失败: <urlopen error [Errno 111] Connection refused>
2026-03-23 18:53:45,189 WARNING transfer iot-ingest IotIngestUploader: 上传失败: <urlopen error [Errno 111] Connection refused>
2026-03-23 18:53:47,189 WARNING transfer iot-ingest IotIngestUploader: 上传失败: <urlopen error [Errno 111] Connection refused>
2026-03-23 18:53:49,190 WARNING transfer iot-ingest IotIngestUploader: 上传失败: <urlopen error [Errno 111] Connection refused>
2026-03-23 18:53:51,191 WARNING transfer iot-ingest IotIngestUploader: 上传失败: <urlopen error [Errno 111] Connection refused>
2026-03-23 18:53:53,197 WARNING transfer iot-ingest IotIngestUploader: 上传失败: <urlopen error [Errno 111] Connection refused>
2026-03-23 18:53:55,200 WARNING transfer iot-ingest IotIngestUploader: 上传失败: <urlopen error [Errno 111] Connection refused>
2026-03-23 18:53:57,201 WARNING transfer iot-ingest IotIngestUploader: 上传失败: <urlopen error [Errno 111] Connection refused>
2026-03-23 18:53:59,202 WARNING transfer iot-ingest IotIngestUploader: 上传失败: <urlopen error [Errno 111] Connection refused>
2026-03-23 18:54:01,205 WARNING transfer iot-ingest IotIngestUploader: 上传失败: <urlopen error [Errno 111] Connection refused>
2026-03-23 18:54:03,205 WARNING transfer iot-ingest IotIngestUploader: 上传失败: <urlopen error [Errno 111] Connection refused>
2026-03-23 18:54:05,209 WARNING transfer iot-ingest IotIngestUploader: 上传失败: <urlopen error [Errno 111] Connection refused>
2026-03-23 18:54:07,210 WARNING transfer iot-ingest IotIngestUploader: 上传失败: <urlopen error [Errno 111] Connection refused>
